../Drivers/STM32H5xx_HAL_Driver/Inc/stm32h5xx_ll_adc.h:7108:22:LL_ADC_REG_StartConversion	1
../Drivers/STM32H5xx_HAL_Driver/Inc/stm32h5xx_ll_adc.h:7144:26:LL_ADC_REG_IsConversionOngoing	2
../Core/Src/main.c:160:5:main	7
../Core/Src/main.c:359:6:SystemClock_Config	4
../Core/Src/main.c:421:6:SetDAC_2	3
../Core/Src/main.c:436:6:SetDAC_1	3
../Core/Src/main.c:453:10:Tune_IL_Gains	21
../Core/Src/main.c:606:6:Calibration_Run	13
../Core/Src/main.c:685:6:SetPWM	8
../Core/Src/main.c:704:6:MPU_Config	1
../Core/Src/main.c:740:6:Error_Handler	1
