../Drivers/STM32H5xx_HAL_Driver/Inc/stm32h5xx_ll_adc.h:7108:22:LL_ADC_REG_StartConversion	1
../Drivers/STM32H5xx_HAL_Driver/Inc/stm32h5xx_ll_adc.h:7144:26:LL_ADC_REG_IsConversionOngoing	2
../Core/Src/main.c:216:5:main	13
../Core/Src/main.c:450:6:SystemClock_Config	4
../Core/Src/main.c:511:6:UART_ProcessByte	5
../Core/Src/main.c:531:6:PrintMenu	1
../Core/Src/main.c:540:6:SetDAC_2	3
../Core/Src/main.c:555:6:SetDAC_1	3
../Core/Src/main.c:570:6:MovingAverage8_Init	2
../Core/Src/main.c:581:10:MovingAverage8_Update	1
../Core/Src/main.c:599:10:TopN_Average	1
../Core/Src/main.c:604:6:TopN_Insert	4
../Core/Src/main.c:623:10:Tune_IL_Gains	11
../Core/Src/main.c:741:6:Calibration_Run	16
../Core/Src/main.c:828:6:SetPWM	8
../Core/Src/main.c:841:6:BSP_PB_Callback	2
../Core/Src/main.c:854:6:MPU_Config	1
../Core/Src/main.c:890:6:Error_Handler	1
